Archive member included to satisfy reference by file (symbol)

./../../bin/lib/libc.a(ctype.o)
                              ./fs/fat.o (toupper)
./../../bin/lib/libc.a(string.o)
                              kernel.o (strlen)

Allocating common symbols
Common symbol       size              file

console_bufferLock  0x4               ./io/dev/console.o
segmentation_gdtp   0x6               ./mm/segmentation.o
physical_bitmap     0x4               ./mm/physical.o
physical_maxAddress
                    0x4               ./mm/physical.o
paging_lock         0x4               ./mm/paging.o
console3            0x4               ./io/dev/console.o
physical_bitmapSize
                    0x4               ./mm/physical.o
mm_kmallocLock      0x4               ./mm/mm.o
kernel_process      0x44c             kernel.o
scheduler_processTable
                    0x8               ./pm/scheduler.o
console1            0x4               ./io/dev/console.o
console4            0x4               ./io/dev/console.o
interrupt_table     0x800             interrupt.o
segmentation_gdt    0x30              ./mm/segmentation.o
scheduler_tss       0x4               ./pm/scheduler.o
interrupt_handlers  0x400             interrupt.o
console2            0x4               ./io/dev/console.o
syscall_table       0xb0              syscall.o
physical_bitmapLock
                    0x4               ./mm/physical.o
keyboard_output     0x4               ./io/dev/keyboard.o
interrupt_ptable    0x6               interrupt.o

Memory Configuration

Name             Origin             Length             Attributes
*default*        0x0000000000000000 0xffffffffffffffff

Linker script and memory map

                0x0000000000100000                phys = 0x100000
                0x00000000c0001000                virt = 0xc0001000

.setup          0x0000000000100000     0x1000
                0x0000000000100000                setup = .
 *(.setup)
 .setup         0x0000000000100000       0x78 loader.o
                0x0000000000101000                . = ALIGN (0x1000)
 *fill*         0x0000000000100078      0xf88 

.kernel         0x00000000c0001000     0x7000 load address 0x0000000000101000
                0x00000000c0001000                kernel = .
 *(.kernel)
 .kernel        0x00000000c0001000       0x22 loader.o
                0x00000000c0001000                start
 *fill*         0x00000000c0001022        0x2 
 .kernel        0x00000000c0001024      0x28d isr.o
                0x00000000c000107b                disable_intA
                0x00000000c000107c                disable_intB
                0x00000000c0001080                disable_irqA
                0x00000000c0001085                disable_irqB
                0x00000000c000108c                isr00
                0x00000000c0001094                isr01
                0x00000000c000109c                isr02
                0x00000000c00010a4                isr03
                0x00000000c00010b0                isr04
                0x00000000c00010bc                isr05
                0x00000000c00010c8                isr06
                0x00000000c00010d4                isr07
                0x00000000c00010e0                isr08
                0x00000000c00010e8                isr09
                0x00000000c00010f4                isr10
                0x00000000c00010fc                isr11
                0x00000000c0001104                isr12
                0x00000000c000110c                isr13
                0x00000000c0001114                isr14
                0x00000000c000111c                isr15
                0x00000000c0001128                isr16
                0x00000000c0001134                isr17
                0x00000000c0001140                isr18
                0x00000000c000114c                isr19
                0x00000000c0001158                isr20
                0x00000000c0001164                isr21
                0x00000000c0001170                isr22
                0x00000000c000117c                isr23
                0x00000000c0001188                isr24
                0x00000000c0001194                isr25
                0x00000000c00011a0                isr26
                0x00000000c00011ac                isr27
                0x00000000c00011b8                isr28
                0x00000000c00011c4                isr29
                0x00000000c00011d0                isr30
                0x00000000c00011dc                isr31
                0x00000000c00011e8                isr32
                0x00000000c00011f4                isr33
                0x00000000c0001200                isr34
                0x00000000c000120c                isr35
                0x00000000c0001218                isr36
                0x00000000c0001224                isr37
                0x00000000c0001230                isr38
                0x00000000c000123c                isr39
                0x00000000c0001248                isr40
                0x00000000c0001254                isr41
                0x00000000c0001260                isr42
                0x00000000c000126c                isr43
                0x00000000c0001278                isr44
                0x00000000c0001284                isr45
                0x00000000c0001290                isr46
                0x00000000c000129c                isr47
                0x00000000c00012a8                isr48
 *(.text)
 .text          0x00000000c00012b1      0x1ee kernel.o
                0x00000000c00012b1                kernel_printInfo
                0x00000000c00012bd                kernel_printf
                0x00000000c00012e7                kernel_panic
                0x00000000c0001329                kernel_idle
                0x00000000c000132c                kernel_init
                0x00000000c000144b                kernel_main
 .text          0x00000000c000149f      0x342 interrupt.o
                0x00000000c000149f                interrupt_dispatcher
                0x00000000c0001592                interrupt_setHandler
                0x00000000c00015b4                interrupt_setTableEntry
                0x00000000c000162f                interrupt_remapPIC
                0x00000000c00016ba                interrupt_enable
                0x00000000c0001703                interrupt_disable
                0x00000000c000175c                interrupt_init
 .text          0x00000000c00017e1      0x65f syscall.o
                0x00000000c00017e1                syscall_open
                0x00000000c0001837                syscall_close
                0x00000000c0001865                syscall_clone
                0x00000000c00018c6                syscall_read
                0x00000000c00018fc                syscall_write
                0x00000000c0001932                syscall_seek
                0x00000000c000196c                syscall_control
                0x00000000c00019a2                syscall_morecore
                0x00000000c00019b6                syscall_exit
                0x00000000c00019d1                syscall_kill
                0x00000000c0001a00                syscall_wait
                0x00000000c0001a10                syscall_spawn
                0x00000000c0001a28                syscall_sleep
                0x00000000c0001a38                syscall_wake
                0x00000000c0001a48                syscall_list
                0x00000000c0001ad3                syscall_copy
                0x00000000c0001ae7                syscall_rename
                0x00000000c0001afb                syscall_create
                0x00000000c0001b0b                syscall_delete
                0x00000000c0001b1b                syscall_mount
                0x00000000c0001b33                syscall_unmount
                0x00000000c0001b43                syscall_handler
                0x00000000c0001c39                syscall_add
                0x00000000c0001c64                syscall_init
 .text          0x00000000c0001e40      0x341 kprintf.o
                0x00000000c0001e40                kprintf_putuint
                0x00000000c0001ef3                kprintf_putint
                0x00000000c0001f38                kprintf_puthex
                0x00000000c000200c                kprintf
 .text          0x00000000c0002181      0x329 debug.o
                0x00000000c0002181                debug_putch
                0x00000000c0002198                debug_puthex
                0x00000000c0002275                debug_putuint
                0x00000000c0002331                debug_putint
                0x00000000c0002367                debug_printf
 .text          0x00000000c00024aa      0x12b ./mm/dma.o
                0x00000000c00024aa                dma_transfer
                0x00000000c0002587                dma_read
                0x00000000c00025ae                dma_write
 .text          0x00000000c00025d5      0x249 ./mm/mm.o
                0x00000000c00025d5                mm_init
                0x00000000c0002614                mm_pmemcpyto
                0x00000000c0002637                mm_pmemcpyfrom
                0x00000000c000265a                mm_morecore
                0x00000000c00026d1                mm_kfree
                0x00000000c0002762                mm_kmalloc
 .text          0x00000000c000281e      0x581 ./mm/paging.o
                0x00000000c000281e                paging_pageFaultHandler
                0x00000000c0002889                paging_setCurrentPageDir
                0x00000000c0002891                paging_mapQuick
                0x00000000c00028bf                paging_getPageDirectoryEntry
                0x00000000c00028d6                paging_createDirectory
                0x00000000c00029a1                paging_destroyDirectory
                0x00000000c0002a7c                paging_setPageDirectoryEntry
                0x00000000c0002ad4                paging_mapKernel
                0x00000000c0002ba7                paging_getPageTableEntry
                0x00000000c0002c4a                paging_setPageTableEntry
                0x00000000c0002cb4                paging_map
                0x00000000c0002cd7                paging_init
 .text          0x00000000c0002d9f      0x283 ./mm/physical.o
                0x00000000c0002d9f                physical_isPageFree
                0x00000000c0002dc2                physical_getBitmapSize
                0x00000000c0002dc8                physical_pageAllocLimit
                0x00000000c0002e1e                physical_pageAllocHigh
                0x00000000c0002e47                physical_pageAllocLow
                0x00000000c0002e7d                physical_pageAlloc
                0x00000000c0002eb0                physical_pageFree
                0x00000000c0002ee6                physical_init
 .text          0x00000000c0003022      0x143 ./mm/segmentation.o
                0x00000000c0003022                segmentation_setEntry
                0x00000000c0003086                segmentation_ltr
                0x00000000c000308c                segmentation_reload
                0x00000000c00030aa                segmentation_init
 .text          0x00000000c0003165      0x4e0 ./pm/process.o
                0x00000000c0003165                process_printStack
                0x00000000c00031e2                process_destroy
                0x00000000c0003233                process_create
                0x00000000c00033eb                process_spawn
                0x00000000c000357b                process_yield
                0x00000000c0003599                process_sleep
                0x00000000c00035d7                process_wake
                0x00000000c00035eb                process_wait
                0x00000000c000361f                process_kill
 .text          0x00000000c0003645      0x350 ./pm/scheduler.o
                0x00000000c0003645                scheduler_getProcess
                0x00000000c000366e                scheduler_setProcess
                0x00000000c00036cc                scheduler_printProcessTable
                0x00000000c000376e                scheduler_addProcess
                0x00000000c0003789                scheduler_removeProcesss
                0x00000000c00037fe                scheduler_select
                0x00000000c000389c                scheduler_handler
                0x00000000c00038cf                scheduler_switch
                0x00000000c00038d2                scheduler_init
 .text          0x00000000c0003995        0xb ./pm/sync/mutex.o
                0x00000000c0003995                mutex_init
 .text          0x00000000c00039a0      0x235 ./io/io.o
                0x00000000c00039a0                io_add
                0x00000000c00039c2                io_remove
                0x00000000c00039d2                io_open
                0x00000000c0003a33                io_close
                0x00000000c0003a6a                io_clone
                0x00000000c0003ae0                io_read
                0x00000000c0003b0f                io_write
                0x00000000c0003b3e                io_seek
                0x00000000c0003b71                io_control
                0x00000000c0003ba0                io_init
 .text          0x00000000c0003bd5      0x390 ./io/pci.o
                0x00000000c0003bd5                pci_read
                0x00000000c0003c79                pci_write
                0x00000000c0003d25                pci_probeDevice
                0x00000000c0003ed3                pci_probeBus
                0x00000000c0003f26                pci_init
 .text          0x00000000c0003f65       0x32 ./io/port.o
                0x00000000c0003f65                port_outb
                0x00000000c0003f6f                port_outw
                0x00000000c0003f7a                port_outd
                0x00000000c0003f84                port_inb
                0x00000000c0003f8a                port_inw
                0x00000000c0003f91                port_ind
 .text          0x00000000c0003f97       0x63 ./io/dev/bitbucket.o
                0x00000000c0003f97                bitbucket_open
                0x00000000c0003f9c                bitbucket_close
                0x00000000c0003fa2                bitbucket_write
                0x00000000c0003fa7                bitbucket_init
 .text          0x00000000c0003ffa      0xb19 ./io/dev/console.o
                0x00000000c0003ffa                console_read
                0x00000000c00040f6                console_addBuffer
                0x00000000c0004119                console_open
                0x00000000c0004240                console_clone
                0x00000000c00042e6                console_removeBuffer
                0x00000000c0004340                console_close
                0x00000000c00043ab                console_setCursor
                0x00000000c000441f                console_putChar
                0x00000000c0004489                console_beep
                0x00000000c000448b                console_getChar
                0x00000000c00044a7                console_scrollup
                0x00000000c000450a                console_cls
                0x00000000c000461e                console_putch
                0x00000000c0004747                console_write
                0x00000000c00047a8                console_activate
                0x00000000c0004877                console_create
                0x00000000c00048dc                console_putchBuffer
                0x00000000c0004943                console_control
                0x00000000c0004a18                console_init
 .text          0x00000000c0004b13      0x842 ./io/dev/floppy.o
                0x00000000c0004b13                floppy_handler
                0x00000000c0004b1f                floppy_seek
                0x00000000c0004b6c                floppy_sendbyte
                0x00000000c0004bd0                floppy_getbyte
                0x00000000c0004c33                floppy_on
                0x00000000c0004c74                floppy_off
                0x00000000c0004ca2                floppy_close
                0x00000000c0004cc8                floppy_wait
                0x00000000c0004d2c                floppy_recalibrate
                0x00000000c0004d78                floppy_seekcylinder
                0x00000000c0004de2                floppy_reset
                0x00000000c0004e43                floppy_open
                0x00000000c0004ed8                floppy_blockGeometry
                0x00000000c0004f23                floppy_rwBlock
                0x00000000c0005183                floppy_rw
                0x00000000c0005210                floppy_read
                0x00000000c000522a                floppy_write
                0x00000000c0005244                floppy_init
 .text          0x00000000c0005355      0x26b ./io/dev/keyboard.o
                0x00000000c0005355                keyboard_open
                0x00000000c000535a                keyboard_close
                0x00000000c0005360                keyboard_handler
                0x00000000c0005517                keyboard_init
 .text          0x00000000c00055c0      0x3ea ./fs/dfs.o
                0x00000000c00055c0                dfs_mount
                0x00000000c00055cc                dfs_unmount
                0x00000000c00055d2                dfs_create
                0x00000000c00055d8                dfs_close
                0x00000000c00055eb                dfs_clone
                0x00000000c0005606                dfs_read
                0x00000000c0005621                dfs_write
                0x00000000c000563c                dfs_seek
                0x00000000c0005659                dfs_control
                0x00000000c0005674                dfs_list
                0x00000000c000575a                dfs_add
                0x00000000c000578a                dfs_find
                0x00000000c00057be                dfs_open
                0x00000000c00057fa                dfs_copy
                0x00000000c0005871                dfs_remove
                0x00000000c00058ed                dfs_delete
                0x00000000c00058fd                dfs_rename
                0x00000000c000592c                dfs_init
 .text          0x00000000c00059aa     0x13aa ./fs/fat.o
                0x00000000c00059aa                fat_clone
                0x00000000c00059b0                fat_seek
                0x00000000c0005a10                fat_control
                0x00000000c0005a16                fat_copy
                0x00000000c0005a1c                fat_close
                0x00000000c0005a46                fat_unmount
                0x00000000c0005a89                fat_setFATCluster
                0x00000000c0005b18                fat_getFATCluster
                0x00000000c0005bae                fat_getFreeCluster
                0x00000000c0005bed                fat_determineType
                0x00000000c0005c79                fat_mount
                0x00000000c0005dca                fat_cluster2block
                0x00000000c0005e07                fat_rwCluster
                0x00000000c0005ea8                fat_compareName
                0x00000000c0005fb2                fat_getIndex
                0x00000000c000601a                fat_file2entry
                0x00000000c0006228                fat_list
                0x00000000c0006432                fat_setFileName
                0x00000000c00064ff                fat_updateFileEntry
                0x00000000c00065e1                fat_create
                0x00000000c0006877                fat_rename
                0x00000000c0006900                fat_setFileSize
                0x00000000c0006928                fat_open
                0x00000000c00069b3                fat_delete
                0x00000000c0006a19                fat_rw
                0x00000000c0006c64                fat_read
                0x00000000c0006c7e                fat_write
                0x00000000c0006cd6                fat_init
 .text          0x00000000c0006d54      0x80e ./fs/vfs.o
                0x00000000c0006d54                vfs_register
                0x00000000c0006d6c                vfs_unregister
                0x00000000c0006d72                vfs_find
                0x00000000c0006d92                vfs_mount
                0x00000000c0006e99                vfs_unmount
                0x00000000c0006f7d                vfs_file2mountpoint
                0x00000000c0006fbe                vfs_close
                0x00000000c0006fff                vfs_clone
                0x00000000c0007069                vfs_read
                0x00000000c00070af                vfs_seek
                0x00000000c00070ec                vfs_open
                0x00000000c000721e                vfs_write
                0x00000000c0007293                vfs_control
                0x00000000c00072cc                vfs_create
                0x00000000c0007330                vfs_delete
                0x00000000c0007394                vfs_rename
                0x00000000c0007424                vfs_copy
                0x00000000c00074b4                vfs_list
                0x00000000c000753b                vfs_init
 .text          0x00000000c0007562       0x22 ./../../bin/lib/libc.a(ctype.o)
                0x00000000c0007562                toupper
                0x00000000c0007573                tolower
 .text          0x00000000c0007584      0x1fb ./../../bin/lib/libc.a(string.o)
                0x00000000c0007584                strlen
                0x00000000c000759e                strrchr
                0x00000000c00075c8                strcmp
                0x00000000c00075ea                strncmp
                0x00000000c0007644                strcpy
                0x00000000c0007662                strncpy
                0x00000000c000769c                memset
                0x00000000c00076be                memcpy
                0x00000000c00076e6                memcmp
                0x00000000c0007725                strstr
 *(.text.*)
                0x00000000c0008000                . = ALIGN (0x1000)
 *fill*         0x00000000c000777f      0x881 

.iplt           0x00000000c0008000        0x0 load address 0x0000000000108000
 .iplt          0x00000000c0008000        0x0 loader.o

.rel.dyn        0x00000000c0008000        0x0 load address 0x0000000000108000
 .rel.iplt      0x00000000c0008000        0x0 loader.o
 .rel.kernel    0x00000000c0008000        0x0 loader.o
 .rel.text      0x00000000c0008000        0x0 loader.o

.data           0x00000000c0008000     0x5000 load address 0x0000000000108000
                0x00000000c0008000                data = .
 *(.data)
 .data          0x00000000c0008000        0x0 kernel.o
 .data          0x00000000c0008000      0x144 interrupt.o
                0x00000000c0008000                interrupt_messages
                0x00000000c0008080                interrupt_stubs
 .data          0x00000000c0008144        0x0 syscall.o
 .data          0x00000000c0008144        0x0 kprintf.o
 .data          0x00000000c0008144        0x0 debug.o
 .data          0x00000000c0008144       0x30 ./mm/dma.o
                0x00000000c0008144                dma_countport
                0x00000000c000814c                dma_addressport
                0x00000000c0008154                dma_pageport
                0x00000000c000815c                dma_clearreg
                0x00000000c0008164                dma_modereg
                0x00000000c000816c                dma_maskreg
 .data          0x00000000c0008174        0x0 ./mm/mm.o
 .data          0x00000000c0008174        0x0 ./mm/paging.o
 .data          0x00000000c0008174        0x0 ./mm/physical.o
 .data          0x00000000c0008174        0x0 ./mm/segmentation.o
 .data          0x00000000c0008174        0x0 ./pm/process.o
 .data          0x00000000c0008174        0x0 ./pm/scheduler.o
 .data          0x00000000c0008174        0x0 ./pm/sync/mutex.o
 .data          0x00000000c0008174        0x0 ./io/io.o
 *fill*         0x00000000c0008174        0xc 
 .data          0x00000000c0008180      0x2e8 ./io/pci.o
                0x00000000c0008180                pci_baseclassnames
                0x00000000c0008240                pci_devices
 .data          0x00000000c0008468        0x0 ./io/port.o
 .data          0x00000000c0008468        0x0 ./io/dev/bitbucket.o
 .data          0x00000000c0008468        0x0 ./io/dev/console.o
 *fill*         0x00000000c0008468       0x18 
 .data          0x00000000c0008480       0x60 ./io/dev/floppy.o
                0x00000000c0008480                floppy_geometrys
 .data          0x00000000c00084e0        0x0 ./io/dev/keyboard.o
 .data          0x00000000c00084e0        0x0 ./fs/dfs.o
 .data          0x00000000c00084e0        0x0 ./fs/fat.o
 .data          0x00000000c00084e0        0x0 ./fs/vfs.o
 .data          0x00000000c00084e0        0x0 ./../../bin/lib/libc.a(ctype.o)
 .data          0x00000000c00084e0        0x0 ./../../bin/lib/libc.a(string.o)
                0x00000000c00084e0                . = ALIGN (0x10)
 *(.rodata)
 .rodata        0x00000000c00084e0       0x58 kprintf.o
 .rodata        0x00000000c0008538       0x58 debug.o
 .rodata        0x00000000c0008590       0x14 ./pm/scheduler.o
 .rodata        0x00000000c00085a4       0x38 ./io/dev/console.o
 *fill*         0x00000000c00085dc       0x24 
 .rodata        0x00000000c0008600      0x200 ./io/dev/keyboard.o
                0x00000000c0008800                . = ALIGN (0x10)
 *(.rodata.*)
 .rodata.str1.1
                0x00000000c0008800       0x5d kernel.o
                                         0x5f (size before relaxing)
 *fill*         0x00000000c000885d        0x3 
 .rodata.str1.4
                0x00000000c0008860      0x170 kernel.o
 .rodata.str1.4
                0x00000000c00089d0       0x56 interrupt.o
 .rodata.str1.1
                0x00000000c0008a26      0x158 interrupt.o
 .rodata.str1.1
                0x00000000c0008b7e        0xc kprintf.o
 *fill*         0x00000000c0008b8a        0x2 
 .rodata.str1.4
                0x00000000c0008b8c       0x55 ./mm/paging.o
 .rodata.str1.1
                0x00000000c0008be1       0x13 ./mm/paging.o
 .rodata.str1.4
                0x00000000c0008bf4       0x23 ./mm/physical.o
 .rodata.str1.1
                0x00000000c0008c17       0x81 ./pm/process.o
 .rodata.str1.4
                0x00000000c0008c98       0x29 ./pm/process.o
 .rodata.str1.1
                0x00000000c0008cc1       0x75 ./pm/scheduler.o
                                         0x77 (size before relaxing)
 .rodata.str1.1
                0x00000000c0008d36      0x40d ./io/pci.o
                                        0x41e (size before relaxing)
 *fill*         0x00000000c0009143        0x1 
 .rodata.str1.4
                0x00000000c0009144       0x4f ./io/pci.o
 .rodata.str1.1
                0x00000000c0009193        0xa ./io/dev/bitbucket.o
 .rodata.str1.1
                0x00000000c000919d       0x50 ./io/dev/console.o
                                         0x59 (size before relaxing)
 *fill*         0x00000000c00091ed        0x3 
 .rodata.str1.4
                0x00000000c00091f0       0x94 ./io/dev/floppy.o
 .rodata.str1.1
                0x00000000c0009284        0x8 ./io/dev/floppy.o
                                         0x10 (size before relaxing)
 .rodata.str1.1
                0x00000000c000928c        0xa ./io/dev/keyboard.o
                                         0x20 (size before relaxing)
 .rodata.str1.1
                0x00000000c0009296        0x3 ./fs/dfs.o
                                          0x5 (size before relaxing)
 .rodata.str1.1
                0x00000000c0009299       0x1d ./fs/fat.o
                                         0x1f (size before relaxing)
 .rodata.str1.1
                0x00000000c00092b6        0xe ./fs/vfs.o
                0x00000000c00092d0                . = ALIGN (0x10)
 *fill*         0x00000000c00092c4        0xc 
 *(.eh_frame)
 .eh_frame      0x00000000c00092d0      0x190 kernel.o
 .eh_frame      0x00000000c0009460      0x1dc interrupt.o
 .eh_frame      0x00000000c000963c      0x3b4 syscall.o
 .eh_frame      0x00000000c00099f0      0x1cc kprintf.o
 .eh_frame      0x00000000c0009bbc      0x17c debug.o
 .eh_frame      0x00000000c0009d38       0xe0 ./mm/dma.o
 .eh_frame      0x00000000c0009e18      0x124 ./mm/mm.o
 .eh_frame      0x00000000c0009f3c      0x304 ./mm/paging.o
 .eh_frame      0x00000000c000a240      0x170 ./mm/physical.o
 .eh_frame      0x00000000c000a3b0       0xe8 ./mm/segmentation.o
 .eh_frame      0x00000000c000a498      0x25c ./pm/process.o
 .eh_frame      0x00000000c000a6f4      0x188 ./pm/scheduler.o
 .eh_frame      0x00000000c000a87c       0x2c ./pm/sync/mutex.o
 .eh_frame      0x00000000c000a8a8      0x1cc ./io/io.o
 .eh_frame      0x00000000c000aa74      0x20c ./io/pci.o
 .eh_frame      0x00000000c000ac80       0x90 ./io/port.o
 .eh_frame      0x00000000c000ad10       0x7c ./io/dev/bitbucket.o
 .eh_frame      0x00000000c000ad8c      0x608 ./io/dev/console.o
 .eh_frame      0x00000000c000b394      0x524 ./io/dev/floppy.o
 .eh_frame      0x00000000c000b8b8      0x114 ./io/dev/keyboard.o
 .eh_frame      0x00000000c000b9cc      0x334 ./fs/dfs.o
 .eh_frame      0x00000000c000bd00      0x938 ./fs/fat.o
 .eh_frame      0x00000000c000c638      0x598 ./fs/vfs.o
 .eh_frame      0x00000000c000cbd0       0x40 ./../../bin/lib/libc.a(ctype.o)
 .eh_frame      0x00000000c000cc10      0x1a0 ./../../bin/lib/libc.a(string.o)
                0x00000000c000d000                . = ALIGN (0x1000)
 *fill*         0x00000000c000cdb0      0x250 

.igot.plt       0x00000000c000d000        0x0 load address 0x000000000010d000
 .igot.plt      0x00000000c000d000        0x0 loader.o

.bss            0x00000000c000d000     0x3000 load address 0x000000000010d000
                0x00000000c000d000                bss = .
 *(.bss)
 .bss           0x00000000c000d000     0x1000 loader.o
 .bss           0x00000000c000e000        0x0 kernel.o
 .bss           0x00000000c000e000        0x0 interrupt.o
 .bss           0x00000000c000e000        0x0 syscall.o
 .bss           0x00000000c000e000        0x0 kprintf.o
 .bss           0x00000000c000e000        0x0 debug.o
 .bss           0x00000000c000e000        0x0 ./mm/dma.o
 .bss           0x00000000c000e000        0x0 ./mm/mm.o
 .bss           0x00000000c000e000        0x0 ./mm/paging.o
 .bss           0x00000000c000e000        0x0 ./mm/physical.o
 .bss           0x00000000c000e000        0x0 ./mm/segmentation.o
 .bss           0x00000000c000e000        0x4 ./pm/process.o
 .bss           0x00000000c000e004        0x4 ./pm/scheduler.o
                0x00000000c000e004                scheduler_ticks
 .bss           0x00000000c000e008        0x0 ./pm/sync/mutex.o
 .bss           0x00000000c000e008        0x0 ./io/io.o
 .bss           0x00000000c000e008        0x4 ./io/pci.o
                0x00000000c000e008                pci_deviceHead
 .bss           0x00000000c000e00c        0x0 ./io/port.o
 .bss           0x00000000c000e00c        0x0 ./io/dev/bitbucket.o
 .bss           0x00000000c000e00c        0x8 ./io/dev/console.o
                0x00000000c000e00c                console_bufferHead
                0x00000000c000e010                console0
 .bss           0x00000000c000e014        0x9 ./io/dev/floppy.o
                0x00000000c000e014                floppy2
                0x00000000c000e018                floppy1
 .bss           0x00000000c000e01d        0x4 ./io/dev/keyboard.o
 *fill*         0x00000000c000e021        0x3 
 .bss           0x00000000c000e024        0x4 ./fs/dfs.o
                0x00000000c000e024                dfs_deviceHead
 .bss           0x00000000c000e028        0x0 ./fs/fat.o
 .bss           0x00000000c000e028        0xc ./fs/vfs.o
                0x00000000c000e028                vfs_mpTail
                0x00000000c000e02c                vfs_mpHead
                0x00000000c000e030                vfs_fsHead
 .bss           0x00000000c000e034        0x0 ./../../bin/lib/libc.a(ctype.o)
 .bss           0x00000000c000e034        0x0 ./../../bin/lib/libc.a(string.o)
                0x00000000c000e040                . = ALIGN (0x10)
 *fill*         0x00000000c000e034        0xc 
 *(COMMON)
 COMMON         0x00000000c000e040      0x44c kernel.o
                0x00000000c000e040                kernel_process
 *fill*         0x00000000c000e48c       0x34 
 COMMON         0x00000000c000e4c0      0xc06 interrupt.o
                0x00000000c000e4c0                interrupt_table
                0x00000000c000ecc0                interrupt_handlers
                0x00000000c000f0c0                interrupt_ptable
 *fill*         0x00000000c000f0c6       0x3a 
 COMMON         0x00000000c000f100       0xb0 syscall.o
                0x00000000c000f100                syscall_table
 COMMON         0x00000000c000f1b0        0x4 ./mm/mm.o
                0x00000000c000f1b0                mm_kmallocLock
 COMMON         0x00000000c000f1b4        0x4 ./mm/paging.o
                0x00000000c000f1b4                paging_lock
 COMMON         0x00000000c000f1b8       0x10 ./mm/physical.o
                0x00000000c000f1b8                physical_bitmap
                0x00000000c000f1bc                physical_maxAddress
                0x00000000c000f1c0                physical_bitmapSize
                0x00000000c000f1c4                physical_bitmapLock
 *fill*         0x00000000c000f1c8       0x18 
 COMMON         0x00000000c000f1e0       0x50 ./mm/segmentation.o
                0x00000000c000f1e0                segmentation_gdtp
                0x00000000c000f200                segmentation_gdt
 COMMON         0x00000000c000f230        0xc ./pm/scheduler.o
                0x00000000c000f230                scheduler_processTable
                0x00000000c000f238                scheduler_tss
 COMMON         0x00000000c000f23c       0x14 ./io/dev/console.o
                0x00000000c000f23c                console_bufferLock
                0x00000000c000f240                console3
                0x00000000c000f244                console1
                0x00000000c000f248                console4
                0x00000000c000f24c                console2
 COMMON         0x00000000c000f250        0x4 ./io/dev/keyboard.o
                0x00000000c000f250                keyboard_output
                0x00000000c0010000                . = ALIGN (0x1000)
 *fill*         0x00000000c000f254      0xdac 
                0x00000000c0010000                end = .
LOAD loader.o
LOAD isr.o
LOAD kernel.o
LOAD interrupt.o
LOAD syscall.o
LOAD kprintf.o
LOAD debug.o
LOAD ./mm/dma.o
LOAD ./mm/mm.o
LOAD ./mm/paging.o
LOAD ./mm/physical.o
LOAD ./mm/segmentation.o
LOAD ./pm/process.o
LOAD ./pm/scheduler.o
LOAD ./pm/sync/mutex.o
LOAD ./io/io.o
LOAD ./io/pci.o
LOAD ./io/port.o
LOAD ./io/dev/bitbucket.o
LOAD ./io/dev/console.o
LOAD ./io/dev/floppy.o
LOAD ./io/dev/keyboard.o
LOAD ./fs/dfs.o
LOAD ./fs/fat.o
LOAD ./fs/vfs.o
LOAD ./../../bin/lib/libc.a
OUTPUT(../../bin/kernel/kernel.elf elf32-i386)

.comment        0x0000000000000000       0x24
 .comment       0x0000000000000000       0x24 kernel.o
                                         0x25 (size before relaxing)
 .comment       0x0000000000000024       0x25 interrupt.o
 .comment       0x0000000000000024       0x25 syscall.o
 .comment       0x0000000000000024       0x25 kprintf.o
 .comment       0x0000000000000024       0x25 debug.o
 .comment       0x0000000000000024       0x25 ./mm/dma.o
 .comment       0x0000000000000024       0x25 ./mm/mm.o
 .comment       0x0000000000000024       0x25 ./mm/paging.o
 .comment       0x0000000000000024       0x25 ./mm/physical.o
 .comment       0x0000000000000024       0x25 ./mm/segmentation.o
 .comment       0x0000000000000024       0x25 ./pm/process.o
 .comment       0x0000000000000024       0x25 ./pm/scheduler.o
 .comment       0x0000000000000024       0x25 ./pm/sync/mutex.o
 .comment       0x0000000000000024       0x25 ./io/io.o
 .comment       0x0000000000000024       0x25 ./io/pci.o
 .comment       0x0000000000000024       0x25 ./io/port.o
 .comment       0x0000000000000024       0x25 ./io/dev/bitbucket.o
 .comment       0x0000000000000024       0x25 ./io/dev/console.o
 .comment       0x0000000000000024       0x25 ./io/dev/floppy.o
 .comment       0x0000000000000024       0x25 ./io/dev/keyboard.o
 .comment       0x0000000000000024       0x25 ./fs/dfs.o
 .comment       0x0000000000000024       0x25 ./fs/fat.o
 .comment       0x0000000000000024       0x25 ./fs/vfs.o
 .comment       0x0000000000000024       0x25 ./../../bin/lib/libc.a(ctype.o)
 .comment       0x0000000000000024       0x25 ./../../bin/lib/libc.a(string.o)

.note.GNU-stack
                0x0000000000000000        0x0
 .note.GNU-stack
                0x0000000000000000        0x0 kernel.o
 .note.GNU-stack
                0x0000000000000000        0x0 interrupt.o
 .note.GNU-stack
                0x0000000000000000        0x0 syscall.o
 .note.GNU-stack
                0x0000000000000000        0x0 kprintf.o
 .note.GNU-stack
                0x0000000000000000        0x0 debug.o
 .note.GNU-stack
                0x0000000000000000        0x0 ./mm/dma.o
 .note.GNU-stack
                0x0000000000000000        0x0 ./mm/mm.o
 .note.GNU-stack
                0x0000000000000000        0x0 ./mm/paging.o
 .note.GNU-stack
                0x0000000000000000        0x0 ./mm/physical.o
 .note.GNU-stack
                0x0000000000000000        0x0 ./mm/segmentation.o
 .note.GNU-stack
                0x0000000000000000        0x0 ./pm/process.o
 .note.GNU-stack
                0x0000000000000000        0x0 ./pm/scheduler.o
 .note.GNU-stack
                0x0000000000000000        0x0 ./pm/sync/mutex.o
 .note.GNU-stack
                0x0000000000000000        0x0 ./io/io.o
 .note.GNU-stack
                0x0000000000000000        0x0 ./io/pci.o
 .note.GNU-stack
                0x0000000000000000        0x0 ./io/port.o
 .note.GNU-stack
                0x0000000000000000        0x0 ./io/dev/bitbucket.o
 .note.GNU-stack
                0x0000000000000000        0x0 ./io/dev/console.o
 .note.GNU-stack
                0x0000000000000000        0x0 ./io/dev/floppy.o
 .note.GNU-stack
                0x0000000000000000        0x0 ./io/dev/keyboard.o
 .note.GNU-stack
                0x0000000000000000        0x0 ./fs/dfs.o
 .note.GNU-stack
                0x0000000000000000        0x0 ./fs/fat.o
 .note.GNU-stack
                0x0000000000000000        0x0 ./fs/vfs.o
 .note.GNU-stack
                0x0000000000000000        0x0 ./../../bin/lib/libc.a(ctype.o)
 .note.GNU-stack
                0x0000000000000000        0x0 ./../../bin/lib/libc.a(string.o)
