Archive member included to satisfy reference by file (symbol)

../../../bin/lib/libc.a(amos.o)
                              hanoi.o (exit)

Memory Configuration

Name             Origin             Length             Attributes
*default*        0x0000000000000000 0xffffffffffffffff

Linker script and memory map

                0x0000000000000000                phys = 0x0
                0x0000000010000000                virt = 0x10000000

.text           0x0000000010000000      0x591 load address 0x0000000000000000
 *(.text.entrypoint)
 .text.entrypoint
                0x0000000010000000       0x1a hanoi.o
                0x0000000010000000                entrypoint
 *(.text.*)
 .text.hanoi    0x000000001000001a       0x44 hanoi.o
                0x000000001000001a                hanoi
                0x0000000010000060                . = ALIGN (0x10)
 *fill*         0x000000001000005e        0x2 
 *(.data)
 .data          0x0000000010000060        0x0 hanoi.o
 .data          0x0000000010000060        0x0 ../../../bin/lib/libc.a(amos.o)
                0x0000000010000060                . = ALIGN (0x10)
 *(.rodata)
                0x0000000010000060                . = ALIGN (0x10)
 *(.rodata.*)
                0x0000000010000060                . = ALIGN (0x10)
 *(.eh_frame)
 .eh_frame      0x0000000010000060       0x80 hanoi.o
 .eh_frame      0x00000000100000e0      0x25c ../../../bin/lib/libc.a(amos.o)
                0x0000000010000340                . = ALIGN (0x10)
 *fill*         0x000000001000033c        0x4 
 *(COMMON)
                0x0000000010000340                . = ALIGN (0x10)
 *(.bss)
 .bss           0x0000000010000340        0x0 hanoi.o
 .bss           0x0000000010000340        0x0 ../../../bin/lib/libc.a(amos.o)
                0x0000000010000340                . = ALIGN (0x10)
 .text          0x0000000010000340        0x0 hanoi.o
 .text          0x0000000010000340      0x251 ../../../bin/lib/libc.a(amos.o)
                0x0000000010000340                open
                0x000000001000035d                close
                0x0000000010000376                clone
                0x000000001000038f                read
                0x00000000100003b4                write
                0x00000000100003d9                seek
                0x00000000100003fa                control
                0x000000001000041b                create
                0x0000000010000434                delete
                0x000000001000044d                rename
                0x000000001000046e                copy
                0x000000001000048f                list
                0x00000000100004c2                mount
                0x00000000100004e7                unmount
                0x0000000010000500                morecore
                0x0000000010000519                exit
                0x0000000010000521                spawn
                0x000000001000053e                kill
                0x0000000010000557                sleep
                0x000000001000055f                wake
                0x0000000010000578                wait
LOAD hanoi.o
LOAD ../../../bin/lib/libc.a
OUTPUT(../../../bin/apps/hanoi.bin binary)

.comment        0x0000000000000000       0x4a
 .comment       0x0000000000000000       0x25 hanoi.o
 .comment       0x0000000000000025       0x25 ../../../bin/lib/libc.a(amos.o)

.note.GNU-stack
                0x0000000000000000        0x0
 .note.GNU-stack
                0x0000000000000000        0x0 hanoi.o
 .note.GNU-stack
                0x0000000000000000        0x0 ../../../bin/lib/libc.a(amos.o)
