Archive member included to satisfy reference by file (symbol)

../../../bin/lib/libc.a(stdio.o)
                              init.o (printf)
../../../bin/lib/libc.a(string.o)
                              ../../../bin/lib/libc.a(stdio.o) (strlen)
../../../bin/lib/libc.a(amos.o)
                              ../../../bin/lib/libc.a(stdio.o) (read)

Memory Configuration

Name             Origin             Length             Attributes
*default*        0x0000000000000000 0xffffffffffffffff

Linker script and memory map

                0x0000000000000000                phys = 0x0
                0x0000000010000000                virt = 0x10000000

.text           0x0000000010000000     0x10ca load address 0x0000000000000000
 *(.text.entrypoint)
 .text.entrypoint
                0x0000000010000000       0x5e init.o
                0x0000000010000000                entrypoint
 *(.text.*)
                0x0000000010000060                . = ALIGN (0x10)
 *fill*         0x000000001000005e        0x2 
 *(.data)
 .data          0x0000000010000060        0x0 init.o
 .data          0x0000000010000060        0x0 ../../../bin/lib/libc.a(stdio.o)
 .data          0x0000000010000060        0x0 ../../../bin/lib/libc.a(string.o)
 .data          0x0000000010000060        0x0 ../../../bin/lib/libc.a(amos.o)
                0x0000000010000060                . = ALIGN (0x10)
 *(.rodata)
 .rodata        0x0000000010000060       0x58 ../../../bin/lib/libc.a(stdio.o)
                0x00000000100000c0                . = ALIGN (0x10)
 *fill*         0x00000000100000b8        0x8 
 *(.rodata.*)
 .rodata.str1.4
                0x00000000100000c0       0x3e init.o
 .rodata.str1.1
                0x00000000100000fe       0x68 init.o
 .rodata.str1.1
                0x0000000010000166        0x2 ../../../bin/lib/libc.a(stdio.o)
                0x0000000010000170                . = ALIGN (0x10)
 *fill*         0x0000000010000168        0x8 
 *(.eh_frame)
 .eh_frame      0x0000000010000170       0x58 init.o
 .eh_frame      0x00000000100001c8      0x2a0 ../../../bin/lib/libc.a(stdio.o)
 .eh_frame      0x0000000010000468      0x1a0 ../../../bin/lib/libc.a(string.o)
 .eh_frame      0x0000000010000608      0x25c ../../../bin/lib/libc.a(amos.o)
                0x0000000010000870                . = ALIGN (0x10)
 *fill*         0x0000000010000864        0xc 
 *(COMMON)
                0x0000000010000870                . = ALIGN (0x10)
 *(.bss)
 .bss           0x0000000010000870        0x0 init.o
 .bss           0x0000000010000870        0x0 ../../../bin/lib/libc.a(stdio.o)
 .bss           0x0000000010000870        0x0 ../../../bin/lib/libc.a(string.o)
 .bss           0x0000000010000870        0x0 ../../../bin/lib/libc.a(amos.o)
                0x0000000010000870                . = ALIGN (0x10)
 .text          0x0000000010000870        0x0 init.o
 .text          0x0000000010000870      0x40e ../../../bin/lib/libc.a(stdio.o)
                0x0000000010000870                printf_putuint
                0x0000000010000923                printf_putint
                0x0000000010000968                printf_puthex
                0x0000000010000a3c                print
                0x0000000010000b7f                printf
                0x0000000010000b96                getch
                0x0000000010000bb5                get
                0x0000000010000c34                putchar
                0x0000000010000c51                puts
 .text          0x0000000010000c7e      0x1fb ../../../bin/lib/libc.a(string.o)
                0x0000000010000c7e                strlen
                0x0000000010000c98                strrchr
                0x0000000010000cc2                strcmp
                0x0000000010000ce4                strncmp
                0x0000000010000d3e                strcpy
                0x0000000010000d5c                strncpy
                0x0000000010000d96                memset
                0x0000000010000db8                memcpy
                0x0000000010000de0                memcmp
                0x0000000010000e1f                strstr
 .text          0x0000000010000e79      0x251 ../../../bin/lib/libc.a(amos.o)
                0x0000000010000e79                open
                0x0000000010000e96                close
                0x0000000010000eaf                clone
                0x0000000010000ec8                read
                0x0000000010000eed                write
                0x0000000010000f12                seek
                0x0000000010000f33                control
                0x0000000010000f54                create
                0x0000000010000f6d                delete
                0x0000000010000f86                rename
                0x0000000010000fa7                copy
                0x0000000010000fc8                list
                0x0000000010000ffb                mount
                0x0000000010001020                unmount
                0x0000000010001039                morecore
                0x0000000010001052                exit
                0x000000001000105a                spawn
                0x0000000010001077                kill
                0x0000000010001090                sleep
                0x0000000010001098                wake
                0x00000000100010b1                wait
LOAD init.o
LOAD ../../../bin/lib/libc.a
OUTPUT(../../../bin/apps/init.bin binary)

.comment        0x0000000000000000       0x94
 .comment       0x0000000000000000       0x25 init.o
 .comment       0x0000000000000025       0x25 ../../../bin/lib/libc.a(stdio.o)
 .comment       0x000000000000004a       0x25 ../../../bin/lib/libc.a(string.o)
 .comment       0x000000000000006f       0x25 ../../../bin/lib/libc.a(amos.o)

.note.GNU-stack
                0x0000000000000000        0x0
 .note.GNU-stack
                0x0000000000000000        0x0 init.o
 .note.GNU-stack
                0x0000000000000000        0x0 ../../../bin/lib/libc.a(stdio.o)
 .note.GNU-stack
                0x0000000000000000        0x0 ../../../bin/lib/libc.a(string.o)
 .note.GNU-stack
                0x0000000000000000        0x0 ../../../bin/lib/libc.a(amos.o)
