Archive member included to satisfy reference by file (symbol)

../../../bin/lib/libc.a(stdio.o)
                              test.o (printf)
../../../bin/lib/libc.a(stdlib.o)
                              test.o (atoi)
../../../bin/lib/libc.a(string.o)
                              ../../../bin/lib/libc.a(stdio.o) (strlen)
../../../bin/lib/libc.a(amos.o)
                              ../../../bin/lib/libc.a(stdio.o) (read)

Memory Configuration

Name             Origin             Length             Attributes
*default*        0x0000000000000000 0xffffffffffffffff

Linker script and memory map

                0x0000000000000000                phys = 0x0
                0x0000000010000000                virt = 0x10000000

.text           0x0000000010000000     0x164c load address 0x0000000000000000
 *(.text.entrypoint)
 .text.entrypoint
                0x0000000010000000      0x19c test.o
                0x0000000010000000                entrypoint
 *(.text.*)
 .text.stackoverflow
                0x000000001000019c       0x1d test.o
                0x000000001000019c                stackoverflow
                0x00000000100001c0                . = ALIGN (0x10)
 *fill*         0x00000000100001b9        0x7 
 *(.data)
 .data          0x00000000100001c0        0x0 test.o
 .data          0x00000000100001c0        0x0 ../../../bin/lib/libc.a(stdio.o)
 .data          0x00000000100001c0        0x4 ../../../bin/lib/libc.a(stdlib.o)
 .data          0x00000000100001c4        0x0 ../../../bin/lib/libc.a(string.o)
 .data          0x00000000100001c4        0x0 ../../../bin/lib/libc.a(amos.o)
                0x00000000100001d0                . = ALIGN (0x10)
 *fill*         0x00000000100001c4        0xc 
 *(.rodata)
 .rodata        0x00000000100001d0       0x20 test.o
 .rodata        0x00000000100001f0       0x58 ../../../bin/lib/libc.a(stdio.o)
                0x0000000010000250                . = ALIGN (0x10)
 *fill*         0x0000000010000248        0x8 
 *(.rodata.*)
 .rodata.str1.1
                0x0000000010000250      0x12f test.o
 *fill*         0x000000001000037f        0x1 
 .rodata.str1.4
                0x0000000010000380       0xa4 test.o
 .rodata.str1.1
                0x0000000010000424        0x2 ../../../bin/lib/libc.a(stdio.o)
                0x0000000010000430                . = ALIGN (0x10)
 *fill*         0x0000000010000426        0xa 
 *(.eh_frame)
 .eh_frame      0x0000000010000430       0xd8 test.o
 .eh_frame      0x0000000010000508      0x2a0 ../../../bin/lib/libc.a(stdio.o)
 .eh_frame      0x00000000100007a8       0x84 ../../../bin/lib/libc.a(stdlib.o)
 .eh_frame      0x000000001000082c      0x1a0 ../../../bin/lib/libc.a(string.o)
 .eh_frame      0x00000000100009cc      0x25c ../../../bin/lib/libc.a(amos.o)
                0x0000000010000c30                . = ALIGN (0x10)
 *fill*         0x0000000010000c28        0x8 
 *(COMMON)
                0x0000000010000c30                . = ALIGN (0x10)
 *(.bss)
 .bss           0x0000000010000c30        0x0 test.o
 .bss           0x0000000010000c30        0x0 ../../../bin/lib/libc.a(stdio.o)
 .bss           0x0000000010000c30        0x0 ../../../bin/lib/libc.a(stdlib.o)
 .bss           0x0000000010000c30        0x0 ../../../bin/lib/libc.a(string.o)
 .bss           0x0000000010000c30        0x0 ../../../bin/lib/libc.a(amos.o)
                0x0000000010000c30                . = ALIGN (0x10)
 .text          0x0000000010000c30        0x0 test.o
 .text          0x0000000010000c30      0x40e ../../../bin/lib/libc.a(stdio.o)
                0x0000000010000c30                printf_putuint
                0x0000000010000ce3                printf_putint
                0x0000000010000d28                printf_puthex
                0x0000000010000dfc                print
                0x0000000010000f3f                printf
                0x0000000010000f56                getch
                0x0000000010000f75                get
                0x0000000010000ff4                putchar
                0x0000000010001011                puts
 .text          0x000000001000103e      0x1c2 ../../../bin/lib/libc.a(stdlib.o)
                0x000000001000103e                malloc
                0x00000000100010ff                free
                0x0000000010001188                atoi
 .text          0x0000000010001200      0x1fb ../../../bin/lib/libc.a(string.o)
                0x0000000010001200                strlen
                0x000000001000121a                strrchr
                0x0000000010001244                strcmp
                0x0000000010001266                strncmp
                0x00000000100012c0                strcpy
                0x00000000100012de                strncpy
                0x0000000010001318                memset
                0x000000001000133a                memcpy
                0x0000000010001362                memcmp
                0x00000000100013a1                strstr
 .text          0x00000000100013fb      0x251 ../../../bin/lib/libc.a(amos.o)
                0x00000000100013fb                open
                0x0000000010001418                close
                0x0000000010001431                clone
                0x000000001000144a                read
                0x000000001000146f                write
                0x0000000010001494                seek
                0x00000000100014b5                control
                0x00000000100014d6                create
                0x00000000100014ef                delete
                0x0000000010001508                rename
                0x0000000010001529                copy
                0x000000001000154a                list
                0x000000001000157d                mount
                0x00000000100015a2                unmount
                0x00000000100015bb                morecore
                0x00000000100015d4                exit
                0x00000000100015dc                spawn
                0x00000000100015f9                kill
                0x0000000010001612                sleep
                0x000000001000161a                wake
                0x0000000010001633                wait
LOAD test.o
LOAD ../../../bin/lib/libc.a
OUTPUT(../../../bin/apps/test.bin binary)

.comment        0x0000000000000000       0xb9
 .comment       0x0000000000000000       0x25 test.o
 .comment       0x0000000000000025       0x25 ../../../bin/lib/libc.a(stdio.o)
 .comment       0x000000000000004a       0x25 ../../../bin/lib/libc.a(stdlib.o)
 .comment       0x000000000000006f       0x25 ../../../bin/lib/libc.a(string.o)
 .comment       0x0000000000000094       0x25 ../../../bin/lib/libc.a(amos.o)

.note.GNU-stack
                0x0000000000000000        0x0
 .note.GNU-stack
                0x0000000000000000        0x0 test.o
 .note.GNU-stack
                0x0000000000000000        0x0 ../../../bin/lib/libc.a(stdio.o)
 .note.GNU-stack
                0x0000000000000000        0x0 ../../../bin/lib/libc.a(stdlib.o)
 .note.GNU-stack
                0x0000000000000000        0x0 ../../../bin/lib/libc.a(string.o)
 .note.GNU-stack
                0x0000000000000000        0x0 ../../../bin/lib/libc.a(amos.o)
